// Jest Snapshot v1, https://goo.gl/fbAQLP

exports[`HomePage Container Snap Test render() renders the component 1`] = `
<div
  className="home-page safe-area"
>
  <div
    className="app-area"
  >
    <div
      className="search-country"
    >
      <div
        className="search-input"
      >
        <div
          className="icon"
        >
          <img
            alt="Search Icon"
            src="search-icon.svg"
          />
        </div>
        <input
          onChange={[Function]}
          onClose={[Function]}
          placeholder="Search your country here.."
          type="text"
          value=""
        />
        <div
          className="close "
          onClick={[Function]}
        >
          <img
            alt="Seach Icon"
            src="close-icon.svg"
          />
        </div>
      </div>
    </div>
    <div
      className="list-view-country"
    >
      <div
        className="list-view"
      >
        <div
          className="list-empty"
        >
          <img
            alt="empty"
            src="not_found.png"
          />
          <h2>
            Nothing..
          </h2>
          <p>
            Hemm, seemingly what you looking for is not available.
          </p>
        </div>
      </div>
    </div>
    <div
      className="bottom-sheet-filter"
    >
      <div
        className="bottom-sheet-layer-background "
        onClick={[Function]}
      />
      <div
        className="button-filter"
      >
        <div
          className="left-filter"
          onClick={[Function]}
        >
          <div
            className="icon-left"
          >
            <img
              alt="SHORT ICON"
              src="sorting-icon.svg"
            />
          </div>
          <div
            className="text-left"
          >
            SHORT
          </div>
        </div>
        <div
          className="right-filter"
          onClick={[Function]}
        >
          <div
            className="icon-right"
          >
            <img
              alt="FILTER ICON"
              src="filter-select-icon.svg"
            />
          </div>
          <div
            className="text-right"
          >
            FILTER
          </div>
        </div>
      </div>
    </div>
  </div>
</div>
`;
